// Jest Snapshot v1, https://goo.gl/fbAQLP

exports[`PageHeader PageHeader Render Snapshoot 1`] = `
<div>
  <div
    class="container"
  >
    <div
      class="header-wrapper"
    >
      <img
        alt="logo"
        src="/logo512.png"
      />
    </div>
    <div
      class="wrapper-right-text"
    >
      <div
        class="wrapper-text"
      >
        <span
          class="ant-typography text"
        >
          Login
        </span>
        <span
          class="ant-typography text"
        >
          Logout
        </span>
      </div>
    </div>
  </div>
</div>
`;
