// Jest Snapshot v1, https://goo.gl/fbAQLP

exports[`App should render expect snapshoot 1`] = `
<div>
  <div
    class="layout-content"
  >
    <section
      class="ant-layout"
    >
      <div
        class="page-header-container"
      >
        <div
          class="page-header"
        >
          <div
            class="container"
          >
            <div
              class="header-wrapper"
            >
              <img
                alt="logo"
                src="/logo512.png"
              />
            </div>
            <div
              class="wrapper-right-text"
            >
              <div
                class="wrapper-text"
              >
                <span
                  class="ant-typography text"
                >
                  Login
                </span>
                <span
                  class="ant-typography text"
                >
                  Logout
                </span>
              </div>
            </div>
          </div>
        </div>
      </div>
      <div
        class="container"
      >
        <main
          class="ant-layout-content"
          style="padding: 0px 50px;"
        >
          <div
            class="site-layout-content"
          >
            <div
              class="container"
            >
              <div
                class="container-button"
              >
                <button
                  class="ant-btn ant-btn-round ant-btn-primary ant-btn-lg"
                  type="button"
                >
                  <span
                    aria-label="plus"
                    class="anticon anticon-plus"
                    role="img"
                  >
                    <svg
                      aria-hidden="true"
                      data-icon="plus"
                      fill="currentColor"
                      focusable="false"
                      height="1em"
                      viewBox="64 64 896 896"
                      width="1em"
                    >
                      <defs>
                        <style />
                      </defs>
                      <path
                        d="M482 152h60q8 0 8 8v704q0 8-8 8h-60q-8 0-8-8V160q0-8 8-8z"
                      />
                      <path
                        d="M176 474h672q8 0 8 8v60q0 8-8 8H176q-8 0-8-8v-60q0-8 8-8z"
                      />
                    </svg>
                  </span>
                  <span>
                    Tambah Data
                  </span>
                </button>
              </div>
              <div
                class="wrapper"
              >
                <div
                  aria-busy="true"
                  aria-live="polite"
                  class="ant-spin ant-spin-spinning ant-spin-show-text"
                >
                  <span
                    class="ant-spin-dot ant-spin-dot-spin"
                  >
                    <i
                      class="ant-spin-dot-item"
                    />
                    <i
                      class="ant-spin-dot-item"
                    />
                    <i
                      class="ant-spin-dot-item"
                    />
                    <i
                      class="ant-spin-dot-item"
                    />
                  </span>
                  <div
                    class="ant-spin-text"
                  >
                    Loading...
                  </div>
                </div>
              </div>
              <div />
            </div>
          </div>
        </main>
      </div>
    </section>
  </div>
</div>
`;
